ERROR - 2026-01-09 10:09:00 --> Error connecting to the database: ErrorException: mysqli::real_connect(): php_network_getaddresses: getaddrinfo failed: No such host is known.  in D:\SkjSystem\personnel2025\vendor\codeigniter4\framework\system\Database\MySQLi\Connection.php:174
Stack trace:
#0 [internal function]: CodeIgniter\Debug\Exceptions->errorHandler(2, 'mysqli::real_co...', 'D:\\SkjSystem\\pe...', 174)
#1 D:\SkjSystem\personnel2025\vendor\codeigniter4\framework\system\Database\MySQLi\Connection.php(174): mysqli->real_connect('skj2025_db', 'root', 'rootpassword', 'skjacth_personn...', 3306, '', 0)
#2 D:\SkjSystem\personnel2025\vendor\codeigniter4\framework\system\Database\BaseConnection.php(391): CodeIgniter\Database\MySQLi\Connection->connect(false)
#3 D:\SkjSystem\personnel2025\vendor\codeigniter4\framework\system\Database\BaseConnection.php(574): CodeIgniter\Database\BaseConnection->initialize()
#4 D:\SkjSystem\personnel2025\vendor\codeigniter4\framework\system\Database\BaseConnection.php(1409): CodeIgniter\Database\BaseConnection->query('SHOW TABLES FRO...')
#5 D:\SkjSystem\personnel2025\vendor\codeigniter4\framework\system\Commands\Database\ShowTableInfo.php(103): CodeIgniter\Database\BaseConnection->listTables()
#6 D:\SkjSystem\personnel2025\vendor\codeigniter4\framework\system\CLI\Commands.php(65): CodeIgniter\Commands\Database\ShowTableInfo->run(Array)
#7 D:\SkjSystem\personnel2025\vendor\codeigniter4\framework\system\CLI\Console.php(37): CodeIgniter\CLI\Commands->run('db:table', Array)
#8 D:\SkjSystem\personnel2025\spark(97): CodeIgniter\CLI\Console->run()
#9 {main}

Next mysqli_sql_exception: php_network_getaddresses: getaddrinfo failed: No such host is known.  in D:\SkjSystem\personnel2025\vendor\codeigniter4\framework\system\Database\MySQLi\Connection.php:174
Stack trace:
#0 D:\SkjSystem\personnel2025\vendor\codeigniter4\framework\system\Database\MySQLi\Connection.php(174): mysqli->real_connect('skj2025_db', 'root', 'rootpassword', 'skjacth_personn...', 3306, '', 0)
#1 D:\SkjSystem\personnel2025\vendor\codeigniter4\framework\system\Database\BaseConnection.php(391): CodeIgniter\Database\MySQLi\Connection->connect(false)
#2 D:\SkjSystem\personnel2025\vendor\codeigniter4\framework\system\Database\BaseConnection.php(574): CodeIgniter\Database\BaseConnection->initialize()
#3 D:\SkjSystem\personnel2025\vendor\codeigniter4\framework\system\Database\BaseConnection.php(1409): CodeIgniter\Database\BaseConnection->query('SHOW TABLES FRO...')
#4 D:\SkjSystem\personnel2025\vendor\codeigniter4\framework\system\Commands\Database\ShowTableInfo.php(103): CodeIgniter\Database\BaseConnection->listTables()
#5 D:\SkjSystem\personnel2025\vendor\codeigniter4\framework\system\CLI\Commands.php(65): CodeIgniter\Commands\Database\ShowTableInfo->run(Array)
#6 D:\SkjSystem\personnel2025\vendor\codeigniter4\framework\system\CLI\Console.php(37): CodeIgniter\CLI\Commands->run('db:table', Array)
#7 D:\SkjSystem\personnel2025\spark(97): CodeIgniter\CLI\Console->run()
#8 {main}

Next CodeIgniter\Database\Exceptions\DatabaseException: php_network_getaddresses: getaddrinfo failed: No such host is known.  in D:\SkjSystem\personnel2025\vendor\codeigniter4\framework\system\Database\MySQLi\Connection.php:218
Stack trace:
#0 D:\SkjSystem\personnel2025\vendor\codeigniter4\framework\system\Database\BaseConnection.php(391): CodeIgniter\Database\MySQLi\Connection->connect(false)
#1 D:\SkjSystem\personnel2025\vendor\codeigniter4\framework\system\Database\BaseConnection.php(574): CodeIgniter\Database\BaseConnection->initialize()
#2 D:\SkjSystem\personnel2025\vendor\codeigniter4\framework\system\Database\BaseConnection.php(1409): CodeIgniter\Database\BaseConnection->query('SHOW TABLES FRO...')
#3 D:\SkjSystem\personnel2025\vendor\codeigniter4\framework\system\Commands\Database\ShowTableInfo.php(103): CodeIgniter\Database\BaseConnection->listTables()
#4 D:\SkjSystem\personnel2025\vendor\codeigniter4\framework\system\CLI\Commands.php(65): CodeIgniter\Commands\Database\ShowTableInfo->run(Array)
#5 D:\SkjSystem\personnel2025\vendor\codeigniter4\framework\system\CLI\Console.php(37): CodeIgniter\CLI\Commands->run('db:table', Array)
#6 D:\SkjSystem\personnel2025\spark(97): CodeIgniter\CLI\Console->run()
#7 {main}
CRITICAL - 2026-01-09 10:09:00 --> Unable to connect to the database.
Main connection [MySQLi]: php_network_getaddresses: getaddrinfo failed: No such host is known. 
in SYSTEMPATH\Database\BaseConnection.php on line 427.
 1 SYSTEMPATH\Database\BaseConnection.php(574): CodeIgniter\Database\BaseConnection->initialize()
 2 SYSTEMPATH\Database\BaseConnection.php(1409): CodeIgniter\Database\BaseConnection->query('SHOW TABLES FROM `skjacth_personnel`')
 3 SYSTEMPATH\Commands\Database\ShowTableInfo.php(103): CodeIgniter\Database\BaseConnection->listTables()
 4 SYSTEMPATH\CLI\Commands.php(65): CodeIgniter\Commands\Database\ShowTableInfo->run([...])
 5 SYSTEMPATH\CLI\Console.php(37): CodeIgniter\CLI\Commands->run('db:table', [...])
 6 ROOTPATH\spark(97): CodeIgniter\CLI\Console->run()
